{"level":"info","message":"Processing repository at /usr/local/google/home/gweg/git/d3-selection"}
{"level":"debug","message":"Generated tsconfig: {\"compilerOptions\":{\"module\":\"NodeNext\",\"moduleResolution\":\"nodenext\",\"noEmit\":true,\"lib\":[\"DOM\"],\"allowJs\":true,\"checkJs\":true},\"include\":[\"**/*.js\",\"**/*.ts\"],\"exclude\":[\"node_modules/\"]}"}
{"level":"debug","message":"Crawling from \"/usr/local/google/home/gweg/git/d3-selection\""}
{"level":"debug","message":"Found package at \"/usr/local/google/home/gweg/git/d3-selection\""}
{"level":"info","message":"Done processing. Summaries: [\n  {\n    \"summaryVersion\": \"TODO-0.0.1\",\n    \"packageName\": \"d3-selection\",\n    \"packageVersion\": \"3.0.0\",\n    \"packagePath\": \"\",\n    \"repository\": {\n      \"url\": \"TODO\",\n      \"commitId\": \"TODO\"\n    },\n    \"violations\": []\n  }\n]"}
{"level":"info","message":"Processing repository at /usr/local/google/home/gweg/git/d3-selection"}
{"level":"debug","message":"Generated tsconfig: {\"compilerOptions\":{\"module\":\"NodeNext\",\"moduleResolution\":\"nodenext\",\"noEmit\":true,\"lib\":[\"DOM\"],\"allowJs\":true,\"checkJs\":true},\"include\":[\"**/*.js\",\"**/*.ts\"],\"exclude\":[\"node_modules/\"]}"}
{"level":"debug","message":"Crawling from \"/usr/local/google/home/gweg/git/d3-selection\""}
{"level":"debug","message":"Found package at \"/usr/local/google/home/gweg/git/d3-selection\""}
{"level":"info","message":"Done processing. Summaries: [\n  {\n    \"summaryVersion\": \"TODO-0.0.1\",\n    \"packageName\": \"d3-selection\",\n    \"packageVersion\": \"3.0.0\",\n    \"packagePath\": \"\",\n    \"repository\": {\n      \"url\": \"TODO\",\n      \"commitId\": \"TODO\"\n    },\n    \"violations\": []\n  }\n]"}
{"level":"info","message":"Processing repository at /usr/local/google/home/gweg/git/d3-selection"}
{"level":"debug","message":"Generated tsconfig: {\"compilerOptions\":{\"module\":\"NodeNext\",\"moduleResolution\":\"nodenext\",\"noEmit\":true,\"lib\":[\"DOM\"],\"allowJs\":true,\"checkJs\":true},\"include\":[\"**/*.js\",\"**/*.ts\"],\"exclude\":[\"node_modules/\"]}"}
{"level":"debug","message":"Crawling from \"/usr/local/google/home/gweg/git/d3-selection\""}
{"level":"debug","message":"Found package at \"/usr/local/google/home/gweg/git/d3-selection\""}
{"level":"debug","message":"New program used for processing /usr/local/google/home/gweg/git/d3-selection/rollup.config.js from config at /usr/local/google/home/gweg/git/d3-selection/tsconfig.safety-web.json"}
{"level":"info","message":"Done processing. Summaries: [\n  {\n    \"summaryVersion\": \"TODO-0.0.1\",\n    \"packageName\": \"d3-selection\",\n    \"packageVersion\": \"3.0.0\",\n    \"packagePath\": \"\",\n    \"repository\": {\n      \"url\": \"TODO\",\n      \"commitId\": \"TODO\"\n    },\n    \"violations\": []\n  }\n]"}
{"level":"info","message":"Processing repository at /usr/local/google/home/gweg/git/d3-selection"}
{"level":"debug","message":"Generated tsconfig: {\"compilerOptions\":{\"module\":\"NodeNext\",\"moduleResolution\":\"nodenext\",\"noEmit\":true,\"lib\":[\"DOM\"],\"allowJs\":true,\"checkJs\":true},\"include\":[\"**/*.js\",\"**/*.ts\"],\"exclude\":[\"node_modules/\"]}"}
{"level":"debug","message":"Crawling from \"/usr/local/google/home/gweg/git/d3-selection\""}
{"level":"debug","message":"Found package at \"/usr/local/google/home/gweg/git/d3-selection\""}
{"level":"info","message":"Done processing. Summaries: [\n  {\n    \"summaryVersion\": \"TODO-0.0.1\",\n    \"packageName\": \"d3-selection\",\n    \"packageVersion\": \"3.0.0\",\n    \"packagePath\": \"\",\n    \"repository\": {\n      \"url\": \"TODO\",\n      \"commitId\": \"TODO\"\n    },\n    \"violations\": []\n  }\n]"}
{"level":"info","message":"Processing repository at /usr/local/google/home/gweg/git/d3-selection"}
{"level":"debug","message":"Generated tsconfig: {\"compilerOptions\":{\"module\":\"NodeNext\",\"moduleResolution\":\"nodenext\",\"noEmit\":true,\"lib\":[\"DOM\"],\"allowJs\":true,\"checkJs\":true},\"include\":[\"**/*.js\",\"**/*.ts\"],\"exclude\":[\"node_modules/\"]}"}
{"level":"debug","message":"Crawling from \"/usr/local/google/home/gweg/git/d3-selection\""}
{"level":"debug","message":"Found package at \"/usr/local/google/home/gweg/git/d3-selection\""}
{"level":"info","message":"Done processing. Summaries: [\n  {\n    \"summaryVersion\": \"TODO-0.0.1\",\n    \"packageName\": \"d3-selection\",\n    \"packageVersion\": \"3.0.0\",\n    \"packagePath\": \"\",\n    \"repository\": {\n      \"url\": \"TODO\",\n      \"commitId\": \"TODO\"\n    },\n    \"violations\": []\n  }\n]"}
{"level":"info","message":"Processing repository at /usr/local/google/home/gweg/git/d3-selection"}
{"level":"debug","message":"Generated tsconfig: {\"compilerOptions\":{\"module\":\"NodeNext\",\"moduleResolution\":\"nodenext\",\"noEmit\":true,\"lib\":[\"DOM\"],\"allowJs\":true,\"checkJs\":true},\"include\":[\"**/*.js\",\"**/*.ts\"],\"exclude\":[\"node_modules/\"]}"}
{"level":"debug","message":"Crawling from \"/usr/local/google/home/gweg/git/d3-selection\""}
{"level":"debug","message":"Found package at \"/usr/local/google/home/gweg/git/d3-selection\""}
{"level":"info","message":"Done processing. Summaries: [\n  {\n    \"summaryVersion\": \"TODO-0.0.1\",\n    \"packageName\": \"d3-selection\",\n    \"packageVersion\": \"3.0.0\",\n    \"packagePath\": \"\",\n    \"repository\": {\n      \"url\": \"TODO\",\n      \"commitId\": \"TODO\"\n    },\n    \"violations\": []\n  }\n]"}
{"level":"info","message":"Processing repository at /usr/local/google/home/gweg/git/d3-selection"}
{"level":"debug","message":"Generated tsconfig: {\"compilerOptions\":{\"module\":\"NodeNext\",\"moduleResolution\":\"nodenext\",\"noEmit\":true,\"lib\":[\"DOM\"],\"allowJs\":true,\"checkJs\":true},\"include\":[\"**/*.js\",\"**/*.ts\"],\"exclude\":[\"node_modules/\"]}"}
{"level":"debug","message":"Crawling from \"/usr/local/google/home/gweg/git/d3-selection\""}
{"level":"debug","message":"Found package at \"/usr/local/google/home/gweg/git/d3-selection\""}
{"0":"s","1":"a","2":"f","level":"debug","message":"New program used for processing /usr/local/google/home/gweg/git/d3-selection/rollup.config.js from config at /usr/local/google/home/gweg/git/d3-selection/tsconfig.safety-web.json"}
{"level":"info","message":"Done processing. Summaries: [\n  {\n    \"summaryVersion\": \"TODO-0.0.1\",\n    \"packageName\": \"d3-selection\",\n    \"packageVersion\": \"3.0.0\",\n    \"packagePath\": \"\",\n    \"repository\": {\n      \"url\": \"TODO\",\n      \"commitId\": \"TODO\"\n    },\n    \"violations\": []\n  }\n]"}
{"0":"r","1":"u","2":"n","3":"n","4":"e","5":"r","level":"info","message":"Processing repository at /usr/local/google/home/gweg/git/d3-selection"}
{"0":"r","1":"u","2":"n","3":"n","4":"e","5":"r","level":"debug","message":"Generated tsconfig: {\"compilerOptions\":{\"module\":\"NodeNext\",\"moduleResolution\":\"nodenext\",\"noEmit\":true,\"lib\":[\"DOM\"],\"allowJs\":true,\"checkJs\":true},\"include\":[\"**/*.js\",\"**/*.ts\"],\"exclude\":[\"node_modules/\"]}"}
{"0":"r","1":"u","2":"n","3":"n","4":"e","5":"r","level":"debug","message":"Crawling from \"/usr/local/google/home/gweg/git/d3-selection\""}
{"0":"r","1":"u","2":"n","3":"n","4":"e","5":"r","level":"debug","message":"Found package at \"/usr/local/google/home/gweg/git/d3-selection\""}
{"0":"r","1":"u","2":"n","3":"n","4":"e","5":"r","level":"debug","message":"New program used for processing /usr/local/google/home/gweg/git/d3-selection/rollup.config.js from config at /usr/local/google/home/gweg/git/d3-selection/tsconfig.safety-web.json"}
{"0":"r","1":"u","2":"n","3":"n","4":"e","5":"r","level":"info","message":"Done processing. Summaries: [\n  {\n    \"summaryVersion\": \"TODO-0.0.1\",\n    \"packageName\": \"d3-selection\",\n    \"packageVersion\": \"3.0.0\",\n    \"packagePath\": \"\",\n    \"repository\": {\n      \"url\": \"TODO\",\n      \"commitId\": \"TODO\"\n    },\n    \"violations\": []\n  }\n]"}
{"0":"r","1":"u","2":"n","3":"n","4":"e","5":"r","level":"info","message":"Processing repository at /usr/local/google/home/gweg/git/d3-selection"}
{"0":"r","1":"u","2":"n","3":"n","4":"e","5":"r","level":"debug","message":"Generated tsconfig: {\"compilerOptions\":{\"module\":\"NodeNext\",\"moduleResolution\":\"nodenext\",\"noEmit\":true,\"lib\":[\"DOM\"],\"allowJs\":true,\"checkJs\":true},\"include\":[\"**/*.js\",\"**/*.ts\"],\"exclude\":[\"node_modules/\"]}"}
{"0":"r","1":"u","2":"n","3":"n","4":"e","5":"r","level":"debug","message":"Crawling from \"/usr/local/google/home/gweg/git/d3-selection\""}
{"0":"r","1":"u","2":"n","3":"n","4":"e","5":"r","level":"debug","message":"Found package at \"/usr/local/google/home/gweg/git/d3-selection\""}
{"level":"debug","message":"New program used for processing /usr/local/google/home/gweg/git/d3-selection/rollup.config.js from config at /usr/local/google/home/gweg/git/d3-selection/tsconfig.safety-web.json","service":"eslint-plugin"}
{"0":"r","1":"u","2":"n","3":"n","4":"e","5":"r","level":"info","message":"Done processing. Summaries: [\n  {\n    \"summaryVersion\": \"TODO-0.0.1\",\n    \"packageName\": \"d3-selection\",\n    \"packageVersion\": \"3.0.0\",\n    \"packagePath\": \"\",\n    \"repository\": {\n      \"url\": \"TODO\",\n      \"commitId\": \"TODO\"\n    },\n    \"violations\": []\n  }\n]"}
{"level":"info","message":"Processing repository at /usr/local/google/home/gweg/git/d3-selection","service":"runner"}
{"level":"debug","message":"Generated tsconfig: {\"compilerOptions\":{\"module\":\"NodeNext\",\"moduleResolution\":\"nodenext\",\"noEmit\":true,\"lib\":[\"DOM\"],\"allowJs\":true,\"checkJs\":true},\"include\":[\"**/*.js\",\"**/*.ts\"],\"exclude\":[\"node_modules/\"]}","service":"runner"}
{"level":"debug","message":"Crawling from \"/usr/local/google/home/gweg/git/d3-selection\"","service":"runner"}
{"level":"debug","message":"Found package at \"/usr/local/google/home/gweg/git/d3-selection\"","service":"runner"}
{"level":"debug","message":"New program used for processing /usr/local/google/home/gweg/git/d3-selection/rollup.config.js from config at /usr/local/google/home/gweg/git/d3-selection/tsconfig.safety-web.json","service":"eslint-plugin"}
{"level":"info","message":"Done processing. Summaries: [\n  {\n    \"summaryVersion\": \"TODO-0.0.1\",\n    \"packageName\": \"d3-selection\",\n    \"packageVersion\": \"3.0.0\",\n    \"packagePath\": \"\",\n    \"repository\": {\n      \"url\": \"TODO\",\n      \"commitId\": \"TODO\"\n    },\n    \"violations\": []\n  }\n]","service":"runner"}
{"level":"info","message":"Processing repository at /usr/local/google/home/gweg/git/d3-selection"}
{"level":"debug","message":"Generated tsconfig: {\"compilerOptions\":{\"module\":\"NodeNext\",\"moduleResolution\":\"nodenext\",\"noEmit\":true,\"lib\":[\"DOM\"],\"allowJs\":true,\"checkJs\":true},\"include\":[\"**/*.js\",\"**/*.ts\"],\"exclude\":[\"node_modules/\"]}"}
{"level":"debug","message":"Crawling from \"/usr/local/google/home/gweg/git/d3-selection\""}
{"level":"debug","message":"Found package at \"/usr/local/google/home/gweg/git/d3-selection\""}
{"level":"debug","message":"New program used for processing /usr/local/google/home/gweg/git/d3-selection/rollup.config.js from config at /usr/local/google/home/gweg/git/d3-selection/tsconfig.safety-web.json","service":"eslint-plugin"}
{"level":"info","message":"Done processing. Summaries: [\n  {\n    \"summaryVersion\": \"TODO-0.0.1\",\n    \"packageName\": \"d3-selection\",\n    \"packageVersion\": \"3.0.0\",\n    \"packagePath\": \"\",\n    \"repository\": {\n      \"url\": \"TODO\",\n      \"commitId\": \"TODO\"\n    },\n    \"violations\": []\n  }\n]"}
{"level":"info","message":"Processing repository at /usr/local/google/home/gweg/git/d3-selection"}
{"level":"debug","message":"Generated tsconfig: {\"compilerOptions\":{\"module\":\"NodeNext\",\"moduleResolution\":\"nodenext\",\"noEmit\":true,\"lib\":[\"DOM\"],\"allowJs\":true,\"checkJs\":true},\"include\":[\"**/*.js\",\"**/*.ts\"],\"exclude\":[\"node_modules/\"]}"}
{"level":"debug","message":"Crawling from \"/usr/local/google/home/gweg/git/d3-selection\""}
{"level":"debug","message":"Found package at \"/usr/local/google/home/gweg/git/d3-selection\""}
{"level":"debug","message":"New program used for processing /usr/local/google/home/gweg/git/d3-selection/rollup.config.js from config at /usr/local/google/home/gweg/git/d3-selection/tsconfig.safety-web.json"}
{"level":"info","message":"Done processing. Summaries: [\n  {\n    \"summaryVersion\": \"TODO-0.0.1\",\n    \"packageName\": \"d3-selection\",\n    \"packageVersion\": \"3.0.0\",\n    \"packagePath\": \"\",\n    \"repository\": {\n      \"url\": \"TODO\",\n      \"commitId\": \"TODO\"\n    },\n    \"violations\": []\n  }\n]"}
